---
source: compiler-core/src/type_/tests/imports.rs
expression: "import one.{Two}\n\npub fn main(x) {\n  let Two = x\n}"
---
error: Unknown module field
  ┌─ /src/one/two.gleam:1:13
  │
1 │ import one.{Two}
  │             ^^^

The module `one` does not have a `Two` value.

error: Incorrect Variable Name
  ┌─ /src/one/two.gleam:4:7
  │
4 │   let Two = x
  │       ^^^

The name `Two` is not valid. I'm expecting a lowercase name here.
