---
source: compiler-core/src/type_/tests/errors.rs
expression: "let triple = #(1, 2.2, \"three\") let #(One, _, _) = triple"
---
error: Unknown variable
  ┌─ /src/one/two.gleam:1:39
  │
1 │ let triple = #(1, 2.2, "three") let #(One, _, _) = triple
  │                                       ^^^

The name `One` is not in scope here.

This pattern is matching a constructor named `One`, but there is no
constructor in scope with that name.
